

================================================================
== Vivado HLS Report for 'gaussian_box_muller'
================================================================
* Date:           Sat Nov 11 14:56:16 2023

* Version:        2019.2.1 (Build 2724168 on Thu Dec 05 05:19:09 MST 2019)
* Project:        monte-carlo.prj
* Solution:       solution1
* Product family: zynq
* Target device:  xc7z020-clg484-1


================================================================
== Performance Estimates
================================================================
+ Timing: 
    * Summary: 
    +--------+----------+-----------+------------+
    |  Clock |  Target  | Estimated | Uncertainty|
    +--------+----------+-----------+------------+
    |ap_clk  | 10.00 ns | 10.049 ns |   1.25 ns  |
    +--------+----------+-----------+------------+

+ Latency: 
    * Summary: 
    +---------+---------+----------+----------+-----+-----+----------+
    |  Latency (cycles) |  Latency (absolute) |  Interval | Pipeline |
    |   min   |   max   |    min   |    max   | min | max |   Type   |
    +---------+---------+----------+----------+-----+-----+----------+
    |      284|      284| 2.854 us | 2.854 us |   79|   79| function |
    +---------+---------+----------+----------+-----+-----+----------+

    + Detail: 
        * Instance: 
        N/A

        * Loop: 
        N/A



================================================================
== Utilization Estimates
================================================================
* Summary: 
+-----------------+---------+-------+--------+-------+-----+
|       Name      | BRAM_18K| DSP48E|   FF   |  LUT  | URAM|
+-----------------+---------+-------+--------+-------+-----+
|DSP              |        -|      -|       -|      -|    -|
|Expression       |        -|    120|       0|   4337|    -|
|FIFO             |        -|      -|       -|      -|    -|
|Instance         |        -|     30|    4654|   7398|    -|
|Memory           |        -|      -|       -|      -|    -|
|Multiplexer      |        -|      -|       -|   1108|    -|
|Register         |        -|      -|    5471|      -|    -|
+-----------------+---------+-------+--------+-------+-----+
|Total            |        0|    150|   10125|  12843|    0|
+-----------------+---------+-------+--------+-------+-----+
|Available        |      280|    220|  106400|  53200|    0|
+-----------------+---------+-------+--------+-------+-----+
|Utilization (%)  |        0|     68|       9|     24|    0|
+-----------------+---------+-------+--------+-------+-----+

+ Detail: 
    * Instance: 
    +--------------------------+----------------------+---------+-------+------+------+-----+
    |         Instance         |        Module        | BRAM_18K| DSP48E|  FF  |  LUT | URAM|
    +--------------------------+----------------------+---------+-------+------+------+-----+
    |dut_dadd_64ns_64nibs_U8   |dut_dadd_64ns_64nibs  |        0|      3|   445|  1149|    0|
    |dut_dmul_64ns_64njbC_U9   |dut_dmul_64ns_64njbC  |        0|     11|   317|   578|    0|
    |dut_dmul_64ns_64njbC_U10  |dut_dmul_64ns_64njbC  |        0|     11|   317|   578|    0|
    |dut_dsqrt_64ns_64kbM_U11  |dut_dsqrt_64ns_64kbM  |        0|      0|  1832|  2180|    0|
    |dut_fadd_32ns_32nbkb_U1   |dut_fadd_32ns_32nbkb  |        0|      2|   205|   390|    0|
    |dut_fcmp_32ns_32nhbi_U7   |dut_fcmp_32ns_32nhbi  |        0|      0|    66|   239|    0|
    |dut_fdiv_32ns_32ndEe_U3   |dut_fdiv_32ns_32ndEe  |        0|      0|   761|   994|    0|
    |dut_fmul_32ns_32ncud_U2   |dut_fmul_32ns_32ncud  |        0|      3|   143|   321|    0|
    |dut_fpext_32ns_64g8j_U6   |dut_fpext_32ns_64g8j  |        0|      0|   100|   138|    0|
    |dut_fptrunc_64ns_fYi_U5   |dut_fptrunc_64ns_fYi  |        0|      0|   128|   277|    0|
    |dut_sitofp_32s_32eOg_U4   |dut_sitofp_32s_32eOg  |        0|      0|   340|   554|    0|
    +--------------------------+----------------------+---------+-------+------+------+-----+
    |Total                     |                      |        0|     30|  4654|  7398|    0|
    +--------------------------+----------------------+---------+-------+------+------+-----+

    * DSP48E: 
    N/A

    * Memory: 
    N/A

    * FIFO: 
    N/A

    * Expression: 
    +----------------------------+----------+-------+---+----+------------+------------+
    |        Variable Name       | Operation| DSP48E| FF| LUT| Bitwidth P0| Bitwidth P1|
    +----------------------------+----------+-------+---+----+------------+------------+
    |mul_ln38_10_fu_532_p2       |     *    |      3|  0|  20|          31|          32|
    |mul_ln38_11_fu_552_p2       |     *    |      3|  0|  20|          31|          32|
    |mul_ln38_12_fu_352_p2       |     *    |      3|  0|  20|          31|          32|
    |mul_ln38_13_fu_764_p2       |     *    |      3|  0|  20|          31|          32|
    |mul_ln38_14_fu_784_p2       |     *    |      3|  0|  20|          31|          32|
    |mul_ln38_15_fu_917_p2       |     *    |      3|  0|  20|          31|          32|
    |mul_ln38_16_fu_937_p2       |     *    |      3|  0|  20|          31|          32|
    |mul_ln38_17_fu_1070_p2      |     *    |      3|  0|  20|          31|          32|
    |mul_ln38_18_fu_1090_p2      |     *    |      3|  0|  20|          31|          32|
    |mul_ln38_19_fu_1223_p2      |     *    |      3|  0|  20|          31|          32|
    |mul_ln38_1_fu_342_p2        |     *    |      3|  0|  20|          31|          32|
    |mul_ln38_20_fu_362_p2       |     *    |      3|  0|  20|          31|          32|
    |mul_ln38_21_fu_382_p2       |     *    |      3|  0|  20|          31|          32|
    |mul_ln38_22_fu_402_p2       |     *    |      3|  0|  20|          31|          32|
    |mul_ln38_23_fu_422_p2       |     *    |      3|  0|  20|          31|          32|
    |mul_ln38_24_fu_442_p2       |     *    |      3|  0|  20|          31|          32|
    |mul_ln38_25_fu_462_p2       |     *    |      3|  0|  20|          31|          32|
    |mul_ln38_26_fu_482_p2       |     *    |      3|  0|  20|          31|          32|
    |mul_ln38_27_fu_502_p2       |     *    |      3|  0|  20|          31|          32|
    |mul_ln38_28_fu_522_p2       |     *    |      3|  0|  20|          31|          32|
    |mul_ln38_29_fu_542_p2       |     *    |      3|  0|  20|          31|          32|
    |mul_ln38_2_fu_372_p2        |     *    |      3|  0|  20|          31|          32|
    |mul_ln38_30_fu_562_p2       |     *    |      3|  0|  20|          31|          32|
    |mul_ln38_31_fu_572_p2       |     *    |      3|  0|  20|          31|          32|
    |mul_ln38_32_fu_754_p2       |     *    |      3|  0|  20|          31|          32|
    |mul_ln38_33_fu_774_p2       |     *    |      3|  0|  20|          31|          32|
    |mul_ln38_34_fu_907_p2       |     *    |      3|  0|  20|          31|          32|
    |mul_ln38_35_fu_927_p2       |     *    |      3|  0|  20|          31|          32|
    |mul_ln38_36_fu_1060_p2      |     *    |      3|  0|  20|          31|          32|
    |mul_ln38_37_fu_1080_p2      |     *    |      3|  0|  20|          31|          32|
    |mul_ln38_38_fu_1213_p2      |     *    |      3|  0|  20|          31|          32|
    |mul_ln38_39_fu_1233_p2      |     *    |      3|  0|  20|          31|          32|
    |mul_ln38_3_fu_392_p2        |     *    |      3|  0|  20|          31|          32|
    |mul_ln38_4_fu_412_p2        |     *    |      3|  0|  20|          31|          32|
    |mul_ln38_5_fu_432_p2        |     *    |      3|  0|  20|          31|          32|
    |mul_ln38_6_fu_452_p2        |     *    |      3|  0|  20|          31|          32|
    |mul_ln38_7_fu_472_p2        |     *    |      3|  0|  20|          31|          32|
    |mul_ln38_8_fu_492_p2        |     *    |      3|  0|  20|          31|          32|
    |mul_ln38_9_fu_512_p2        |     *    |      3|  0|  20|          31|          32|
    |mul_ln38_fu_331_p2          |     *    |      3|  0|  20|          31|          32|
    |add_ln38_10_fu_537_p2       |     +    |      0|  0|  39|          14|          32|
    |add_ln38_11_fu_557_p2       |     +    |      0|  0|  39|          14|          32|
    |add_ln38_12_fu_749_p2       |     +    |      0|  0|  39|          14|          32|
    |add_ln38_13_fu_357_p2       |     +    |      0|  0|  39|          14|          32|
    |add_ln38_14_fu_902_p2       |     +    |      0|  0|  39|          14|          32|
    |add_ln38_15_fu_922_p2       |     +    |      0|  0|  39|          14|          32|
    |add_ln38_16_fu_1055_p2      |     +    |      0|  0|  39|          14|          32|
    |add_ln38_17_fu_1075_p2      |     +    |      0|  0|  39|          14|          32|
    |add_ln38_18_fu_1208_p2      |     +    |      0|  0|  39|          14|          32|
    |add_ln38_19_fu_1228_p2      |     +    |      0|  0|  39|          14|          32|
    |add_ln38_1_fu_347_p2        |     +    |      0|  0|  39|          14|          32|
    |add_ln38_20_fu_367_p2       |     +    |      0|  0|  39|          14|          32|
    |add_ln38_21_fu_387_p2       |     +    |      0|  0|  39|          14|          32|
    |add_ln38_22_fu_407_p2       |     +    |      0|  0|  39|          14|          32|
    |add_ln38_23_fu_427_p2       |     +    |      0|  0|  39|          14|          32|
    |add_ln38_24_fu_447_p2       |     +    |      0|  0|  39|          14|          32|
    |add_ln38_25_fu_467_p2       |     +    |      0|  0|  39|          14|          32|
    |add_ln38_26_fu_487_p2       |     +    |      0|  0|  39|          14|          32|
    |add_ln38_27_fu_507_p2       |     +    |      0|  0|  39|          14|          32|
    |add_ln38_28_fu_527_p2       |     +    |      0|  0|  39|          14|          32|
    |add_ln38_29_fu_547_p2       |     +    |      0|  0|  39|          14|          32|
    |add_ln38_2_fu_377_p2        |     +    |      0|  0|  39|          14|          32|
    |add_ln38_30_fu_567_p2       |     +    |      0|  0|  39|          14|          32|
    |add_ln38_31_fu_759_p2       |     +    |      0|  0|  39|          14|          32|
    |add_ln38_32_fu_769_p2       |     +    |      0|  0|  39|          14|          32|
    |add_ln38_33_fu_779_p2       |     +    |      0|  0|  39|          14|          32|
    |add_ln38_34_fu_912_p2       |     +    |      0|  0|  39|          14|          32|
    |add_ln38_35_fu_932_p2       |     +    |      0|  0|  39|          14|          32|
    |add_ln38_36_fu_1065_p2      |     +    |      0|  0|  39|          14|          32|
    |add_ln38_37_fu_1085_p2      |     +    |      0|  0|  39|          14|          32|
    |add_ln38_38_fu_1218_p2      |     +    |      0|  0|  39|          14|          32|
    |add_ln38_39_fu_1238_p2      |     +    |      0|  0|  39|          14|          32|
    |add_ln38_3_fu_397_p2        |     +    |      0|  0|  39|          14|          32|
    |add_ln38_4_fu_417_p2        |     +    |      0|  0|  39|          14|          32|
    |add_ln38_5_fu_437_p2        |     +    |      0|  0|  39|          14|          32|
    |add_ln38_6_fu_457_p2        |     +    |      0|  0|  39|          14|          32|
    |add_ln38_7_fu_477_p2        |     +    |      0|  0|  39|          14|          32|
    |add_ln38_8_fu_497_p2        |     +    |      0|  0|  39|          14|          32|
    |add_ln38_9_fu_517_p2        |     +    |      0|  0|  39|          14|          32|
    |add_ln38_fu_337_p2          |     +    |      0|  0|  39|          14|          32|
    |and_ln111_10_fu_1340_p2     |    and   |      0|  0|   2|           1|           1|
    |and_ln111_11_fu_1398_p2     |    and   |      0|  0|   2|           1|           1|
    |and_ln111_12_fu_1453_p2     |    and   |      0|  0|   2|           1|           1|
    |and_ln111_13_fu_1511_p2     |    and   |      0|  0|   2|           1|           1|
    |and_ln111_14_fu_1566_p2     |    and   |      0|  0|   2|           1|           1|
    |and_ln111_15_fu_1624_p2     |    and   |      0|  0|   2|           1|           1|
    |and_ln111_16_fu_1679_p2     |    and   |      0|  0|   2|           1|           1|
    |and_ln111_17_fu_1737_p2     |    and   |      0|  0|   2|           1|           1|
    |and_ln111_18_fu_1792_p2     |    and   |      0|  0|   2|           1|           1|
    |and_ln111_19_fu_1850_p2     |    and   |      0|  0|   2|           1|           1|
    |and_ln111_1_fu_670_p2       |    and   |      0|  0|   2|           1|           1|
    |and_ln111_2_fu_727_p2       |    and   |      0|  0|   2|           1|           1|
    |and_ln111_3_fu_825_p2       |    and   |      0|  0|   2|           1|           1|
    |and_ln111_4_fu_880_p2       |    and   |      0|  0|   2|           1|           1|
    |and_ln111_5_fu_978_p2       |    and   |      0|  0|   2|           1|           1|
    |and_ln111_6_fu_1033_p2      |    and   |      0|  0|   2|           1|           1|
    |and_ln111_7_fu_1131_p2      |    and   |      0|  0|   2|           1|           1|
    |and_ln111_8_fu_1186_p2      |    and   |      0|  0|   2|           1|           1|
    |and_ln111_9_fu_1285_p2      |    and   |      0|  0|   2|           1|           1|
    |and_ln111_fu_613_p2         |    and   |      0|  0|   2|           1|           1|
    |and_ln47_fu_1905_p2         |    and   |      0|  0|   2|           1|           1|
    |ap_block_pp0_stage0_11001   |    and   |      0|  0|   2|           1|           1|
    |icmp_ln111_10_fu_960_p2     |   icmp   |      0|  0|  11|           8|           2|
    |icmp_ln111_11_fu_966_p2     |   icmp   |      0|  0|  18|          23|           1|
    |icmp_ln111_12_fu_1015_p2    |   icmp   |      0|  0|  11|           8|           2|
    |icmp_ln111_13_fu_1021_p2    |   icmp   |      0|  0|  18|          23|           1|
    |icmp_ln111_14_fu_1113_p2    |   icmp   |      0|  0|  11|           8|           2|
    |icmp_ln111_15_fu_1119_p2    |   icmp   |      0|  0|  18|          23|           1|
    |icmp_ln111_16_fu_1168_p2    |   icmp   |      0|  0|  11|           8|           2|
    |icmp_ln111_17_fu_1174_p2    |   icmp   |      0|  0|  18|          23|           1|
    |icmp_ln111_18_fu_1267_p2    |   icmp   |      0|  0|  11|           8|           2|
    |icmp_ln111_19_fu_1273_p2    |   icmp   |      0|  0|  18|          23|           1|
    |icmp_ln111_1_fu_601_p2      |   icmp   |      0|  0|  18|          23|           1|
    |icmp_ln111_20_fu_1322_p2    |   icmp   |      0|  0|  11|           8|           2|
    |icmp_ln111_21_fu_1328_p2    |   icmp   |      0|  0|  18|          23|           1|
    |icmp_ln111_22_fu_1380_p2    |   icmp   |      0|  0|  11|           8|           2|
    |icmp_ln111_23_fu_1386_p2    |   icmp   |      0|  0|  18|          23|           1|
    |icmp_ln111_24_fu_1435_p2    |   icmp   |      0|  0|  11|           8|           2|
    |icmp_ln111_25_fu_1441_p2    |   icmp   |      0|  0|  18|          23|           1|
    |icmp_ln111_26_fu_1493_p2    |   icmp   |      0|  0|  11|           8|           2|
    |icmp_ln111_27_fu_1499_p2    |   icmp   |      0|  0|  18|          23|           1|
    |icmp_ln111_28_fu_1548_p2    |   icmp   |      0|  0|  11|           8|           2|
    |icmp_ln111_29_fu_1554_p2    |   icmp   |      0|  0|  18|          23|           1|
    |icmp_ln111_2_fu_652_p2      |   icmp   |      0|  0|  11|           8|           2|
    |icmp_ln111_30_fu_1606_p2    |   icmp   |      0|  0|  11|           8|           2|
    |icmp_ln111_31_fu_1612_p2    |   icmp   |      0|  0|  18|          23|           1|
    |icmp_ln111_32_fu_1661_p2    |   icmp   |      0|  0|  11|           8|           2|
    |icmp_ln111_33_fu_1667_p2    |   icmp   |      0|  0|  18|          23|           1|
    |icmp_ln111_34_fu_1719_p2    |   icmp   |      0|  0|  11|           8|           2|
    |icmp_ln111_35_fu_1725_p2    |   icmp   |      0|  0|  18|          23|           1|
    |icmp_ln111_36_fu_1774_p2    |   icmp   |      0|  0|  11|           8|           2|
    |icmp_ln111_37_fu_1780_p2    |   icmp   |      0|  0|  18|          23|           1|
    |icmp_ln111_38_fu_1832_p2    |   icmp   |      0|  0|  11|           8|           2|
    |icmp_ln111_39_fu_1838_p2    |   icmp   |      0|  0|  18|          23|           1|
    |icmp_ln111_3_fu_658_p2      |   icmp   |      0|  0|  18|          23|           1|
    |icmp_ln111_4_fu_709_p2      |   icmp   |      0|  0|  11|           8|           2|
    |icmp_ln111_5_fu_715_p2      |   icmp   |      0|  0|  18|          23|           1|
    |icmp_ln111_6_fu_807_p2      |   icmp   |      0|  0|  11|           8|           2|
    |icmp_ln111_7_fu_813_p2      |   icmp   |      0|  0|  18|          23|           1|
    |icmp_ln111_8_fu_862_p2      |   icmp   |      0|  0|  11|           8|           2|
    |icmp_ln111_9_fu_868_p2      |   icmp   |      0|  0|  18|          23|           1|
    |icmp_ln111_fu_595_p2        |   icmp   |      0|  0|  11|           8|           2|
    |icmp_ln47_1_fu_1893_p2      |   icmp   |      0|  0|  18|          23|           1|
    |icmp_ln47_fu_1887_p2        |   icmp   |      0|  0|  11|           8|           2|
    |or_ln111_10_fu_1334_p2      |    or    |      0|  0|   2|           1|           1|
    |or_ln111_11_fu_1392_p2      |    or    |      0|  0|   2|           1|           1|
    |or_ln111_12_fu_1447_p2      |    or    |      0|  0|   2|           1|           1|
    |or_ln111_13_fu_1505_p2      |    or    |      0|  0|   2|           1|           1|
    |or_ln111_14_fu_1560_p2      |    or    |      0|  0|   2|           1|           1|
    |or_ln111_15_fu_1618_p2      |    or    |      0|  0|   2|           1|           1|
    |or_ln111_16_fu_1673_p2      |    or    |      0|  0|   2|           1|           1|
    |or_ln111_17_fu_1731_p2      |    or    |      0|  0|   2|           1|           1|
    |or_ln111_18_fu_1786_p2      |    or    |      0|  0|   2|           1|           1|
    |or_ln111_19_fu_1844_p2      |    or    |      0|  0|   2|           1|           1|
    |or_ln111_1_fu_664_p2        |    or    |      0|  0|   2|           1|           1|
    |or_ln111_2_fu_721_p2        |    or    |      0|  0|   2|           1|           1|
    |or_ln111_3_fu_819_p2        |    or    |      0|  0|   2|           1|           1|
    |or_ln111_4_fu_874_p2        |    or    |      0|  0|   2|           1|           1|
    |or_ln111_5_fu_972_p2        |    or    |      0|  0|   2|           1|           1|
    |or_ln111_6_fu_1027_p2       |    or    |      0|  0|   2|           1|           1|
    |or_ln111_7_fu_1125_p2       |    or    |      0|  0|   2|           1|           1|
    |or_ln111_8_fu_1180_p2       |    or    |      0|  0|   2|           1|           1|
    |or_ln111_9_fu_1279_p2       |    or    |      0|  0|   2|           1|           1|
    |or_ln111_fu_607_p2          |    or    |      0|  0|   2|           1|           1|
    |or_ln47_fu_1899_p2          |    or    |      0|  0|   2|           1|           1|
    |select_ln111_10_fu_983_p3   |  select  |      0|  0|  32|           1|          32|
    |select_ln111_11_fu_990_p3   |  select  |      0|  0|  32|           1|          32|
    |select_ln111_12_fu_1039_p3  |  select  |      0|  0|  32|           1|          32|
    |select_ln111_13_fu_1047_p3  |  select  |      0|  0|  32|           1|          32|
    |select_ln111_14_fu_1136_p3  |  select  |      0|  0|  32|           1|          32|
    |select_ln111_15_fu_1143_p3  |  select  |      0|  0|  32|           1|          32|
    |select_ln111_16_fu_1192_p3  |  select  |      0|  0|  32|           1|          32|
    |select_ln111_17_fu_1200_p3  |  select  |      0|  0|  32|           1|          32|
    |select_ln111_18_fu_1290_p3  |  select  |      0|  0|  32|           1|          32|
    |select_ln111_19_fu_1297_p3  |  select  |      0|  0|  32|           1|          32|
    |select_ln111_1_fu_626_p3    |  select  |      0|  0|  32|           1|          32|
    |select_ln111_20_fu_1346_p3  |  select  |      0|  0|  32|           1|          32|
    |select_ln111_21_fu_1354_p3  |  select  |      0|  0|  32|           1|          32|
    |select_ln111_22_fu_1403_p3  |  select  |      0|  0|  32|           1|          32|
    |select_ln111_23_fu_1410_p3  |  select  |      0|  0|  32|           1|          32|
    |select_ln111_24_fu_1459_p3  |  select  |      0|  0|  32|           1|          32|
    |select_ln111_25_fu_1467_p3  |  select  |      0|  0|  32|           1|          32|
    |select_ln111_26_fu_1516_p3  |  select  |      0|  0|  32|           1|          32|
    |select_ln111_27_fu_1523_p3  |  select  |      0|  0|  32|           1|          32|
    |select_ln111_28_fu_1572_p3  |  select  |      0|  0|  32|           1|          32|
    |select_ln111_29_fu_1580_p3  |  select  |      0|  0|  32|           1|          32|
    |select_ln111_2_fu_675_p3    |  select  |      0|  0|  32|           1|          32|
    |select_ln111_30_fu_1629_p3  |  select  |      0|  0|  32|           1|          32|
    |select_ln111_31_fu_1636_p3  |  select  |      0|  0|  32|           1|          32|
    |select_ln111_32_fu_1685_p3  |  select  |      0|  0|  32|           1|          32|
    |select_ln111_33_fu_1693_p3  |  select  |      0|  0|  32|           1|          32|
    |select_ln111_34_fu_1742_p3  |  select  |      0|  0|  32|           1|          32|
    |select_ln111_35_fu_1749_p3  |  select  |      0|  0|  32|           1|          32|
    |select_ln111_36_fu_1798_p3  |  select  |      0|  0|  32|           1|          32|
    |select_ln111_37_fu_1806_p3  |  select  |      0|  0|  32|           1|          32|
    |select_ln111_38_fu_1856_p3  |  select  |      0|  0|  32|           1|          32|
    |select_ln111_39_fu_1863_p3  |  select  |      0|  0|  32|           1|          32|
    |select_ln111_3_fu_683_p3    |  select  |      0|  0|  32|           1|          32|
    |select_ln111_4_fu_733_p3    |  select  |      0|  0|  32|           1|          32|
    |select_ln111_5_fu_741_p3    |  select  |      0|  0|  32|           1|          32|
    |select_ln111_6_fu_830_p3    |  select  |      0|  0|  32|           1|          32|
    |select_ln111_7_fu_837_p3    |  select  |      0|  0|  32|           1|          32|
    |select_ln111_8_fu_886_p3    |  select  |      0|  0|  32|           1|          32|
    |select_ln111_9_fu_894_p3    |  select  |      0|  0|  32|           1|          32|
    |select_ln111_fu_618_p3      |  select  |      0|  0|  32|           1|          32|
    |ap_enable_pp0               |    xor   |      0|  0|   2|           1|           2|
    +----------------------------+----------+-------+---+----+------------+------------+
    |Total                       |          |    120|  0|4337|        2535|        3948|
    +----------------------------+----------+-------+---+----+------------+------------+

    * Multiplexer: 
    +---------------------------------------+-----+-----------+-----+-----------+
    |                  Name                 | LUT | Input Size| Bits| Total Bits|
    +---------------------------------------+-----+-----------+-----+-----------+
    |ap_NS_fsm                              |  353|         80|    1|         80|
    |ap_enable_reg_pp0_iter0                |    9|          2|    1|          2|
    |ap_enable_reg_pp0_iter3                |    9|          2|    1|          2|
    |ap_phi_reg_pp0_iter1_phi_ln118_reg_56  |    9|          2|   32|         64|
    |ap_phi_reg_pp0_iter2_phi_ln118_reg_56  |    9|          2|   32|         64|
    |ap_sig_allocacmp_seed_load             |    9|          2|   32|         64|
    |grp_fu_101_p0                          |   27|          5|   32|        160|
    |grp_fu_104_opcode                      |   15|          3|    5|         15|
    |grp_fu_104_p0                          |   27|          5|   32|        160|
    |grp_fu_104_p1                          |   15|          3|   32|         96|
    |grp_fu_110_p0                          |   38|          7|   64|        448|
    |grp_fu_115_p0                          |   50|         11|   64|        704|
    |grp_fu_115_p1                          |   21|          4|   64|        256|
    |grp_fu_121_p0                          |   27|          5|   64|        320|
    |grp_fu_68_p0                           |   38|          7|   32|        224|
    |grp_fu_68_p1                           |   44|          9|   32|        288|
    |grp_fu_75_p0                           |   59|         14|   32|        448|
    |grp_fu_75_p1                           |   53|         12|   32|        384|
    |grp_fu_81_p0                           |   41|          8|   32|        256|
    |grp_fu_81_p1                           |   53|         12|   32|        384|
    |grp_fu_95_p0                           |  181|         41|   32|       1312|
    |grp_fu_98_p0                           |   21|          4|   64|        256|
    +---------------------------------------+-----+-----------+-----+-----------+
    |Total                                  | 1108|        240|  744|       5987|
    +---------------------------------------+-----+-----------+-----+-----------+

    * Register: 
    +----------------------------------------+----+----+-----+-----------+
    |                  Name                  | FF | LUT| Bits| Const Bits|
    +----------------------------------------+----+----+-----+-----------+
    |add_ln38_10_reg_2141                    |  32|   0|   32|          0|
    |add_ln38_11_reg_2168                    |  32|   0|   32|          0|
    |add_ln38_12_reg_2200                    |  32|   0|   32|          0|
    |add_ln38_13_reg_1938                    |  32|   0|   32|          0|
    |add_ln38_14_reg_2259                    |  32|   0|   32|          0|
    |add_ln38_15_reg_2286                    |  32|   0|   32|          0|
    |add_ln38_16_reg_2318                    |  32|   0|   32|          0|
    |add_ln38_17_reg_2345                    |  32|   0|   32|          0|
    |add_ln38_18_reg_2377                    |  32|   0|   32|          0|
    |add_ln38_19_reg_2404                    |  32|   0|   32|          0|
    |add_ln38_1_reg_1927                     |  32|   0|   32|          0|
    |add_ln38_20_reg_1949                    |  32|   0|   32|          0|
    |add_ln38_21_reg_1971                    |  32|   0|   32|          0|
    |add_ln38_22_reg_1993                    |  32|   0|   32|          0|
    |add_ln38_23_reg_2015                    |  32|   0|   32|          0|
    |add_ln38_24_reg_2037                    |  32|   0|   32|          0|
    |add_ln38_25_reg_2059                    |  32|   0|   32|          0|
    |add_ln38_26_reg_2081                    |  32|   0|   32|          0|
    |add_ln38_27_reg_2103                    |  32|   0|   32|          0|
    |add_ln38_28_reg_2125                    |  32|   0|   32|          0|
    |add_ln38_29_reg_2152                    |  32|   0|   32|          0|
    |add_ln38_2_reg_1960                     |  32|   0|   32|          0|
    |add_ln38_30_reg_2179                    |  32|   0|   32|          0|
    |add_ln38_31_reg_2211                    |  32|   0|   32|          0|
    |add_ln38_32_reg_2227                    |  32|   0|   32|          0|
    |add_ln38_33_reg_2238                    |  32|   0|   32|          0|
    |add_ln38_34_reg_2270                    |  32|   0|   32|          0|
    |add_ln38_35_reg_2297                    |  32|   0|   32|          0|
    |add_ln38_36_reg_2329                    |  32|   0|   32|          0|
    |add_ln38_37_reg_2356                    |  32|   0|   32|          0|
    |add_ln38_38_reg_2388                    |  32|   0|   32|          0|
    |add_ln38_39_reg_2415                    |  32|   0|   32|          0|
    |add_ln38_3_reg_1982                     |  32|   0|   32|          0|
    |add_ln38_4_reg_2004                     |  32|   0|   32|          0|
    |add_ln38_5_reg_2026                     |  32|   0|   32|          0|
    |add_ln38_6_reg_2048                     |  32|   0|   32|          0|
    |add_ln38_7_reg_2070                     |  32|   0|   32|          0|
    |add_ln38_8_reg_2092                     |  32|   0|   32|          0|
    |add_ln38_9_reg_2114                     |  32|   0|   32|          0|
    |add_ln38_reg_1916                       |  32|   0|   32|          0|
    |and_ln47_reg_2528                       |   1|   0|    1|          0|
    |and_ln47_reg_2528_pp0_iter2_reg         |   1|   0|    1|          0|
    |ap_CS_fsm                               |  79|   0|   79|          0|
    |ap_enable_reg_pp0_iter0_reg             |   1|   0|    1|          0|
    |ap_enable_reg_pp0_iter1                 |   1|   0|    1|          0|
    |ap_enable_reg_pp0_iter2                 |   1|   0|    1|          0|
    |ap_enable_reg_pp0_iter3                 |   1|   0|    1|          0|
    |ap_phi_reg_pp0_iter1_phi_ln118_reg_56   |  32|   0|   32|          0|
    |ap_phi_reg_pp0_iter2_phi_ln118_reg_56   |  32|   0|   32|          0|
    |casted_seed_1_18_reg_2435               |  32|   0|   32|          0|
    |mul_ln38_10_reg_2131                    |  32|   0|   32|          0|
    |mul_ln38_11_reg_2158                    |  32|   0|   32|          0|
    |mul_ln38_12_reg_1933                    |  32|   0|   32|          0|
    |mul_ln38_13_reg_2217                    |  32|   0|   32|          0|
    |mul_ln38_14_reg_2244                    |  32|   0|   32|          0|
    |mul_ln38_15_reg_2276                    |  32|   0|   32|          0|
    |mul_ln38_16_reg_2303                    |  32|   0|   32|          0|
    |mul_ln38_17_reg_2335                    |  32|   0|   32|          0|
    |mul_ln38_18_reg_2362                    |  32|   0|   32|          0|
    |mul_ln38_19_reg_2394                    |  32|   0|   32|          0|
    |mul_ln38_1_reg_1922                     |  32|   0|   32|          0|
    |mul_ln38_20_reg_1944                    |  32|   0|   32|          0|
    |mul_ln38_21_reg_1966                    |  32|   0|   32|          0|
    |mul_ln38_22_reg_1988                    |  32|   0|   32|          0|
    |mul_ln38_23_reg_2010                    |  32|   0|   32|          0|
    |mul_ln38_24_reg_2032                    |  32|   0|   32|          0|
    |mul_ln38_25_reg_2054                    |  32|   0|   32|          0|
    |mul_ln38_26_reg_2076                    |  32|   0|   32|          0|
    |mul_ln38_27_reg_2098                    |  32|   0|   32|          0|
    |mul_ln38_28_reg_2120                    |  32|   0|   32|          0|
    |mul_ln38_29_reg_2147                    |  32|   0|   32|          0|
    |mul_ln38_2_reg_1955                     |  32|   0|   32|          0|
    |mul_ln38_30_reg_2174                    |  32|   0|   32|          0|
    |mul_ln38_31_reg_2185                    |  32|   0|   32|          0|
    |mul_ln38_32_reg_2206                    |  32|   0|   32|          0|
    |mul_ln38_33_reg_2233                    |  32|   0|   32|          0|
    |mul_ln38_34_reg_2265                    |  32|   0|   32|          0|
    |mul_ln38_35_reg_2292                    |  32|   0|   32|          0|
    |mul_ln38_36_reg_2324                    |  32|   0|   32|          0|
    |mul_ln38_37_reg_2351                    |  32|   0|   32|          0|
    |mul_ln38_38_reg_2383                    |  32|   0|   32|          0|
    |mul_ln38_39_reg_2410                    |  32|   0|   32|          0|
    |mul_ln38_3_reg_1977                     |  32|   0|   32|          0|
    |mul_ln38_4_reg_1999                     |  32|   0|   32|          0|
    |mul_ln38_5_reg_2021                     |  32|   0|   32|          0|
    |mul_ln38_6_reg_2043                     |  32|   0|   32|          0|
    |mul_ln38_7_reg_2065                     |  32|   0|   32|          0|
    |mul_ln38_8_reg_2087                     |  32|   0|   32|          0|
    |mul_ln38_9_reg_2109                     |  32|   0|   32|          0|
    |mul_ln38_reg_1911                       |  32|   0|   32|          0|
    |reg_131                                 |  32|   0|   32|          0|
    |reg_136                                 |  64|   0|   64|          0|
    |reg_142                                 |  64|   0|   64|          0|
    |reg_148                                 |  64|   0|   64|          0|
    |reg_154                                 |  64|   0|   64|          0|
    |reg_160                                 |  64|   0|   64|          0|
    |reg_166                                 |  64|   0|   64|          0|
    |reg_172                                 |  64|   0|   64|          0|
    |reg_177                                 |  64|   0|   64|          0|
    |reg_182                                 |  64|   0|   64|          0|
    |reg_187                                 |  64|   0|   64|          0|
    |reg_192                                 |  32|   0|   32|          0|
    |reg_198                                 |  32|   0|   32|          0|
    |reg_204                                 |  32|   0|   32|          0|
    |reg_209                                 |  32|   0|   32|          0|
    |reg_215                                 |  32|   0|   32|          0|
    |reg_220                                 |  32|   0|   32|          0|
    |reg_225                                 |  32|   0|   32|          0|
    |reg_231                                 |  32|   0|   32|          0|
    |reg_236                                 |  32|   0|   32|          0|
    |reg_241                                 |  32|   0|   32|          0|
    |reg_247                                 |  32|   0|   32|          0|
    |reg_253                                 |  32|   0|   32|          0|
    |reg_259                                 |  32|   0|   32|          0|
    |reg_265                                 |  32|   0|   32|          0|
    |reg_271                                 |  64|   0|   64|          0|
    |reg_277                                 |  32|   0|   32|          0|
    |reg_285                                 |  32|   0|   32|          0|
    |reg_291                                 |  32|   0|   32|          0|
    |reg_297                                 |  32|   0|   32|          0|
    |reg_304                                 |  32|   0|   32|          0|
    |reg_310                                 |  32|   0|   32|          0|
    |reg_316                                 |  32|   0|   32|          0|
    |reg_322                                 |  32|   0|   32|          0|
    |result_7_i_reg_2547                     |  32|   0|   32|          0|
    |seed                                    |  32|   0|   32|          0|
    |select_ln111_12_reg_2308                |  32|   0|   32|          0|
    |select_ln111_13_reg_2313                |  32|   0|   32|          0|
    |select_ln111_16_reg_2367                |  32|   0|   32|          0|
    |select_ln111_17_reg_2372                |  32|   0|   32|          0|
    |select_ln111_20_reg_2420                |  32|   0|   32|          0|
    |select_ln111_21_reg_2425                |  32|   0|   32|          0|
    |select_ln111_24_reg_2445                |  32|   0|   32|          0|
    |select_ln111_25_reg_2450                |  32|   0|   32|          0|
    |select_ln111_28_reg_2465                |  32|   0|   32|          0|
    |select_ln111_29_reg_2470                |  32|   0|   32|          0|
    |select_ln111_32_reg_2490                |  32|   0|   32|          0|
    |select_ln111_33_reg_2495                |  32|   0|   32|          0|
    |select_ln111_36_reg_2505                |  32|   0|   32|          0|
    |select_ln111_37_reg_2510                |  32|   0|   32|          0|
    |select_ln111_38_reg_2515                |  32|   0|   32|          0|
    |select_ln111_38_reg_2515_pp0_iter2_reg  |  32|   0|   32|          0|
    |select_ln111_39_reg_2523                |  32|   0|   32|          0|
    |select_ln111_39_reg_2523_pp0_iter2_reg  |  32|   0|   32|          0|
    |select_ln111_4_reg_2190                 |  32|   0|   32|          0|
    |select_ln111_5_reg_2195                 |  32|   0|   32|          0|
    |select_ln111_8_reg_2249                 |  32|   0|   32|          0|
    |select_ln111_9_reg_2254                 |  32|   0|   32|          0|
    |tmp_12_reg_2281                         |   1|   0|    1|          0|
    |tmp_24_reg_2552                         |  64|   0|   64|          0|
    |tmp_25_reg_2557                         |  64|   0|   64|          0|
    |tmp_28_i_reg_2537                       |  32|   0|   32|          0|
    |tmp_2_reg_2136                          |   1|   0|    1|          0|
    |tmp_30_reg_2340                         |   1|   0|    1|          0|
    |tmp_34_reg_2399                         |   1|   0|    1|          0|
    |tmp_38_reg_2430                         |   1|   0|    1|          0|
    |tmp_42_reg_2455                         |   1|   0|    1|          0|
    |tmp_46_18_reg_2475                      |  64|   0|   64|          0|
    |tmp_46_reg_2480                         |   1|   0|    1|          0|
    |tmp_48_18_reg_2440                      |  64|   0|   64|          0|
    |tmp_4_reg_2163                          |   1|   0|    1|          0|
    |tmp_50_17_reg_2460                      |  64|   0|   64|          0|
    |tmp_50_reg_2500                         |   1|   0|    1|          0|
    |tmp_51_18_reg_2485                      |  64|   0|   64|          0|
    |tmp_8_reg_2222                          |   1|   0|    1|          0|
    |tmp_i_reg_2532                          |  32|   0|   32|          0|
    |tmp_reg_2542                            |  64|   0|   64|          0|
    +----------------------------------------+----+----+-----+-----------+
    |Total                                   |5471|   0| 5471|          0|
    +----------------------------------------+----+----+-----+-----------+



================================================================
== Interface
================================================================
* Summary: 
+-----------+-----+-----+------------+---------------------+--------------+
| RTL Ports | Dir | Bits|  Protocol  |    Source Object    |    C Type    |
+-----------+-----+-----+------------+---------------------+--------------+
|ap_clk     |  in |    1| ap_ctrl_hs | gaussian_box_muller | return value |
|ap_rst     |  in |    1| ap_ctrl_hs | gaussian_box_muller | return value |
|ap_start   |  in |    1| ap_ctrl_hs | gaussian_box_muller | return value |
|ap_done    | out |    1| ap_ctrl_hs | gaussian_box_muller | return value |
|ap_idle    | out |    1| ap_ctrl_hs | gaussian_box_muller | return value |
|ap_ready   | out |    1| ap_ctrl_hs | gaussian_box_muller | return value |
|ap_return  | out |   32| ap_ctrl_hs | gaussian_box_muller | return value |
+-----------+-----+-----+------------+---------------------+--------------+

