

================================================================
== Vivado HLS Report for 'custom_exp_double_s'
================================================================
* Date:           Sat Nov 11 13:02:34 2023

* Version:        2019.2.1 (Build 2724168 on Thu Dec 05 05:19:09 MST 2019)
* Project:        monte-carlo.prj
* Solution:       solution1
* Product family: zynq
* Target device:  xc7z020-clg484-1


================================================================
== Performance Estimates
================================================================
+ Timing: 
    * Summary: 
    +--------+----------+----------+------------+
    |  Clock |  Target  | Estimated| Uncertainty|
    +--------+----------+----------+------------+
    |ap_clk  | 10.00 ns | 8.621 ns |   1.25 ns  |
    +--------+----------+----------+------------+

+ Latency: 
    * Summary: 
    +---------+---------+----------+----------+-----+-----+---------+
    |  Latency (cycles) |  Latency (absolute) |  Interval | Pipeline|
    |   min   |   max   |    min   |    max   | min | max |   Type  |
    +---------+---------+----------+----------+-----+-----+---------+
    |      481|      481| 4.810 us | 4.810 us |  481|  481|   none  |
    +---------+---------+----------+----------+-----+-----+---------+

    + Detail: 
        * Instance: 
        N/A

        * Loop: 
        +-------------+---------+---------+----------+-----------+-----------+------+----------+
        |             |  Latency (cycles) | Iteration|  Initiation Interval  | Trip |          |
        |  Loop Name  |   min   |   max   |  Latency |  achieved |   target  | Count| Pipelined|
        +-------------+---------+---------+----------+-----------+-----------+------+----------+
        |- EXP_LABEL  |      480|      480|        48|          -|          -|    10|    no    |
        +-------------+---------+---------+----------+-----------+-----------+------+----------+

============================================================
+ Verbose Summary: Synthesis Manager
============================================================
InlineROM: 1
ExposeGlobal: 0
============================================================
+ Verbose Summary: CDFG Model
============================================================
IsTopModel: 0
ResetActiveHigh: 1
IsCombinational: 0
IsDatapathOnly: 0
HasWiredReturn: 1
HasMFsm: 0
HasVarLatency: 1
IsPipeline: 0
IsRtlPipelined: 0
IsInstanceOverlapped: 0
IsDontTouch: 0
HasImplIP: 0
IsGatedGlobalClock: 0


============================================================
+ Verbose Summary: Schedule
============================================================
* Number of FSM states : 49
* Pipeline : 0
* Dataflow Pipeline: 0

* FSM state transitions: 
1 --> 2 
2 --> 3 
3 --> 4 
4 --> 5 
5 --> 6 
6 --> 7 
7 --> 8 
8 --> 9 
9 --> 10 
10 --> 11 
11 --> 12 
12 --> 13 
13 --> 14 
14 --> 15 
15 --> 16 
16 --> 17 
17 --> 18 
18 --> 19 
19 --> 20 
20 --> 21 
21 --> 22 
22 --> 23 
23 --> 24 
24 --> 25 
25 --> 26 
26 --> 27 
27 --> 28 
28 --> 29 
29 --> 30 
30 --> 31 
31 --> 32 
32 --> 33 
33 --> 34 
34 --> 35 
35 --> 36 
36 --> 37 
37 --> 38 
38 --> 39 
39 --> 40 
40 --> 41 
41 --> 42 
42 --> 43 
43 --> 44 
44 --> 45 
45 --> 46 
46 --> 47 
47 --> 48 
48 --> 49 
49 --> 2 

* FSM state operations: 

State 1 <SV = 0> <Delay = 1.76>
ST_1 : Operation 50 [1/1] (0.00ns)   --->   "%x_read = call double @_ssdm_op_Read.ap_auto.double(double %x) nounwind" [monte-carlo.cpp:119]   --->   Operation 50 'read' 'x_read' <Predicate = true> <Delay = 0.00>
ST_1 : Operation 51 [1/1] (1.76ns)   --->   "br label %1" [monte-carlo.cpp:127]   --->   Operation 51 'br' <Predicate = true> <Delay = 1.76>

State 2 <SV = 1> <Delay = 6.28>
ST_2 : Operation 52 [1/1] (0.00ns)   --->   "%term_0 = phi double [ 1.000000e+00, %0 ], [ %term, %2 ]"   --->   Operation 52 'phi' 'term_0' <Predicate = true> <Delay = 0.00>
ST_2 : Operation 53 [1/1] (0.00ns)   --->   "%result_0 = phi double [ 1.000000e+00, %0 ], [ %result, %2 ]"   --->   Operation 53 'phi' 'result_0' <Predicate = true> <Delay = 0.00>
ST_2 : Operation 54 [1/1] (0.00ns)   --->   "%i_0 = phi i4 [ 1, %0 ], [ %i, %2 ]"   --->   Operation 54 'phi' 'i_0' <Predicate = true> <Delay = 0.00>
ST_2 : Operation 55 [1/1] (0.00ns)   --->   "%zext_ln127 = zext i4 %i_0 to i32" [monte-carlo.cpp:127]   --->   Operation 55 'zext' 'zext_ln127' <Predicate = true> <Delay = 0.00>
ST_2 : Operation 56 [1/1] (1.30ns)   --->   "%icmp_ln127 = icmp eq i4 %i_0, -5" [monte-carlo.cpp:127]   --->   Operation 56 'icmp' 'icmp_ln127' <Predicate = true> <Delay = 1.30> <Core = "Cmp">   --->   Core 25 'Cmp' <Latency = 0> <II = 1> <Delay = 1.30> <FuncUnit> <Opcode : 'icmp'> <InPorts = 2> <OutPorts = 1>
ST_2 : Operation 57 [1/1] (0.00ns)   --->   "%empty = call i32 (...)* @_ssdm_op_SpecLoopTripCount(i64 10, i64 10, i64 10) nounwind"   --->   Operation 57 'speclooptripcount' 'empty' <Predicate = true> <Delay = 0.00>
ST_2 : Operation 58 [1/1] (0.00ns)   --->   "br i1 %icmp_ln127, label %3, label %2" [monte-carlo.cpp:127]   --->   Operation 58 'br' <Predicate = true> <Delay = 0.00>
ST_2 : Operation 59 [6/6] (6.28ns)   --->   "%tmp = sitofp i32 %zext_ln127 to double" [monte-carlo.cpp:129]   --->   Operation 59 'sitodp' 'tmp' <Predicate = (!icmp_ln127)> <Delay = 6.28> <Core = "Int2Double">   --->   Core 122 'Int2Double' <Latency = 5> <II = 1> <Delay = 6.28> <FuncUnit> <Opcode : 'sitodp' 'uitodp'> <InPorts = 1> <OutPorts = 1>
ST_2 : Operation 60 [1/1] (1.73ns)   --->   "%i = add i4 %i_0, 1" [monte-carlo.cpp:127]   --->   Operation 60 'add' 'i' <Predicate = (!icmp_ln127)> <Delay = 1.73> <Core = "AddSub">   --->   Core 14 'AddSub' <Latency = 0> <II = 1> <Delay = 1.73> <FuncUnit> <Opcode : 'add' 'sub'> <InPorts = 2> <OutPorts = 1>
ST_2 : Operation 61 [1/1] (0.00ns)   --->   "ret double %result_0" [monte-carlo.cpp:133]   --->   Operation 61 'ret' <Predicate = (icmp_ln127)> <Delay = 0.00>

State 3 <SV = 2> <Delay = 6.28>
ST_3 : Operation 62 [5/6] (6.28ns)   --->   "%tmp = sitofp i32 %zext_ln127 to double" [monte-carlo.cpp:129]   --->   Operation 62 'sitodp' 'tmp' <Predicate = true> <Delay = 6.28> <Core = "Int2Double">   --->   Core 122 'Int2Double' <Latency = 5> <II = 1> <Delay = 6.28> <FuncUnit> <Opcode : 'sitodp' 'uitodp'> <InPorts = 1> <OutPorts = 1>

State 4 <SV = 3> <Delay = 6.28>
ST_4 : Operation 63 [4/6] (6.28ns)   --->   "%tmp = sitofp i32 %zext_ln127 to double" [monte-carlo.cpp:129]   --->   Operation 63 'sitodp' 'tmp' <Predicate = true> <Delay = 6.28> <Core = "Int2Double">   --->   Core 122 'Int2Double' <Latency = 5> <II = 1> <Delay = 6.28> <FuncUnit> <Opcode : 'sitodp' 'uitodp'> <InPorts = 1> <OutPorts = 1>

State 5 <SV = 4> <Delay = 6.28>
ST_5 : Operation 64 [3/6] (6.28ns)   --->   "%tmp = sitofp i32 %zext_ln127 to double" [monte-carlo.cpp:129]   --->   Operation 64 'sitodp' 'tmp' <Predicate = true> <Delay = 6.28> <Core = "Int2Double">   --->   Core 122 'Int2Double' <Latency = 5> <II = 1> <Delay = 6.28> <FuncUnit> <Opcode : 'sitodp' 'uitodp'> <InPorts = 1> <OutPorts = 1>

State 6 <SV = 5> <Delay = 6.28>
ST_6 : Operation 65 [2/6] (6.28ns)   --->   "%tmp = sitofp i32 %zext_ln127 to double" [monte-carlo.cpp:129]   --->   Operation 65 'sitodp' 'tmp' <Predicate = true> <Delay = 6.28> <Core = "Int2Double">   --->   Core 122 'Int2Double' <Latency = 5> <II = 1> <Delay = 6.28> <FuncUnit> <Opcode : 'sitodp' 'uitodp'> <InPorts = 1> <OutPorts = 1>

State 7 <SV = 6> <Delay = 6.28>
ST_7 : Operation 66 [1/6] (6.28ns)   --->   "%tmp = sitofp i32 %zext_ln127 to double" [monte-carlo.cpp:129]   --->   Operation 66 'sitodp' 'tmp' <Predicate = true> <Delay = 6.28> <Core = "Int2Double">   --->   Core 122 'Int2Double' <Latency = 5> <II = 1> <Delay = 6.28> <FuncUnit> <Opcode : 'sitodp' 'uitodp'> <InPorts = 1> <OutPorts = 1>

State 8 <SV = 7> <Delay = 8.62>
ST_8 : Operation 67 [31/31] (8.62ns)   --->   "%tmp_s = fdiv double %x_read, %tmp" [monte-carlo.cpp:129]   --->   Operation 67 'ddiv' 'tmp_s' <Predicate = true> <Delay = 8.62> <Core = "DDiv">   --->   Core 117 'DDiv' <Latency = 30> <II = 1> <Delay = 8.62> <FuncUnit> <Opcode : 'ddiv' 'drem'> <InPorts = 2> <OutPorts = 1>

State 9 <SV = 8> <Delay = 8.62>
ST_9 : Operation 68 [30/31] (8.62ns)   --->   "%tmp_s = fdiv double %x_read, %tmp" [monte-carlo.cpp:129]   --->   Operation 68 'ddiv' 'tmp_s' <Predicate = true> <Delay = 8.62> <Core = "DDiv">   --->   Core 117 'DDiv' <Latency = 30> <II = 1> <Delay = 8.62> <FuncUnit> <Opcode : 'ddiv' 'drem'> <InPorts = 2> <OutPorts = 1>

State 10 <SV = 9> <Delay = 8.62>
ST_10 : Operation 69 [29/31] (8.62ns)   --->   "%tmp_s = fdiv double %x_read, %tmp" [monte-carlo.cpp:129]   --->   Operation 69 'ddiv' 'tmp_s' <Predicate = true> <Delay = 8.62> <Core = "DDiv">   --->   Core 117 'DDiv' <Latency = 30> <II = 1> <Delay = 8.62> <FuncUnit> <Opcode : 'ddiv' 'drem'> <InPorts = 2> <OutPorts = 1>

State 11 <SV = 10> <Delay = 8.62>
ST_11 : Operation 70 [28/31] (8.62ns)   --->   "%tmp_s = fdiv double %x_read, %tmp" [monte-carlo.cpp:129]   --->   Operation 70 'ddiv' 'tmp_s' <Predicate = true> <Delay = 8.62> <Core = "DDiv">   --->   Core 117 'DDiv' <Latency = 30> <II = 1> <Delay = 8.62> <FuncUnit> <Opcode : 'ddiv' 'drem'> <InPorts = 2> <OutPorts = 1>

State 12 <SV = 11> <Delay = 8.62>
ST_12 : Operation 71 [27/31] (8.62ns)   --->   "%tmp_s = fdiv double %x_read, %tmp" [monte-carlo.cpp:129]   --->   Operation 71 'ddiv' 'tmp_s' <Predicate = true> <Delay = 8.62> <Core = "DDiv">   --->   Core 117 'DDiv' <Latency = 30> <II = 1> <Delay = 8.62> <FuncUnit> <Opcode : 'ddiv' 'drem'> <InPorts = 2> <OutPorts = 1>

State 13 <SV = 12> <Delay = 8.62>
ST_13 : Operation 72 [26/31] (8.62ns)   --->   "%tmp_s = fdiv double %x_read, %tmp" [monte-carlo.cpp:129]   --->   Operation 72 'ddiv' 'tmp_s' <Predicate = true> <Delay = 8.62> <Core = "DDiv">   --->   Core 117 'DDiv' <Latency = 30> <II = 1> <Delay = 8.62> <FuncUnit> <Opcode : 'ddiv' 'drem'> <InPorts = 2> <OutPorts = 1>

State 14 <SV = 13> <Delay = 8.62>
ST_14 : Operation 73 [25/31] (8.62ns)   --->   "%tmp_s = fdiv double %x_read, %tmp" [monte-carlo.cpp:129]   --->   Operation 73 'ddiv' 'tmp_s' <Predicate = true> <Delay = 8.62> <Core = "DDiv">   --->   Core 117 'DDiv' <Latency = 30> <II = 1> <Delay = 8.62> <FuncUnit> <Opcode : 'ddiv' 'drem'> <InPorts = 2> <OutPorts = 1>

State 15 <SV = 14> <Delay = 8.62>
ST_15 : Operation 74 [24/31] (8.62ns)   --->   "%tmp_s = fdiv double %x_read, %tmp" [monte-carlo.cpp:129]   --->   Operation 74 'ddiv' 'tmp_s' <Predicate = true> <Delay = 8.62> <Core = "DDiv">   --->   Core 117 'DDiv' <Latency = 30> <II = 1> <Delay = 8.62> <FuncUnit> <Opcode : 'ddiv' 'drem'> <InPorts = 2> <OutPorts = 1>

State 16 <SV = 15> <Delay = 8.62>
ST_16 : Operation 75 [23/31] (8.62ns)   --->   "%tmp_s = fdiv double %x_read, %tmp" [monte-carlo.cpp:129]   --->   Operation 75 'ddiv' 'tmp_s' <Predicate = true> <Delay = 8.62> <Core = "DDiv">   --->   Core 117 'DDiv' <Latency = 30> <II = 1> <Delay = 8.62> <FuncUnit> <Opcode : 'ddiv' 'drem'> <InPorts = 2> <OutPorts = 1>

State 17 <SV = 16> <Delay = 8.62>
ST_17 : Operation 76 [22/31] (8.62ns)   --->   "%tmp_s = fdiv double %x_read, %tmp" [monte-carlo.cpp:129]   --->   Operation 76 'ddiv' 'tmp_s' <Predicate = true> <Delay = 8.62> <Core = "DDiv">   --->   Core 117 'DDiv' <Latency = 30> <II = 1> <Delay = 8.62> <FuncUnit> <Opcode : 'ddiv' 'drem'> <InPorts = 2> <OutPorts = 1>

State 18 <SV = 17> <Delay = 8.62>
ST_18 : Operation 77 [21/31] (8.62ns)   --->   "%tmp_s = fdiv double %x_read, %tmp" [monte-carlo.cpp:129]   --->   Operation 77 'ddiv' 'tmp_s' <Predicate = true> <Delay = 8.62> <Core = "DDiv">   --->   Core 117 'DDiv' <Latency = 30> <II = 1> <Delay = 8.62> <FuncUnit> <Opcode : 'ddiv' 'drem'> <InPorts = 2> <OutPorts = 1>

State 19 <SV = 18> <Delay = 8.62>
ST_19 : Operation 78 [20/31] (8.62ns)   --->   "%tmp_s = fdiv double %x_read, %tmp" [monte-carlo.cpp:129]   --->   Operation 78 'ddiv' 'tmp_s' <Predicate = true> <Delay = 8.62> <Core = "DDiv">   --->   Core 117 'DDiv' <Latency = 30> <II = 1> <Delay = 8.62> <FuncUnit> <Opcode : 'ddiv' 'drem'> <InPorts = 2> <OutPorts = 1>

State 20 <SV = 19> <Delay = 8.62>
ST_20 : Operation 79 [19/31] (8.62ns)   --->   "%tmp_s = fdiv double %x_read, %tmp" [monte-carlo.cpp:129]   --->   Operation 79 'ddiv' 'tmp_s' <Predicate = true> <Delay = 8.62> <Core = "DDiv">   --->   Core 117 'DDiv' <Latency = 30> <II = 1> <Delay = 8.62> <FuncUnit> <Opcode : 'ddiv' 'drem'> <InPorts = 2> <OutPorts = 1>

State 21 <SV = 20> <Delay = 8.62>
ST_21 : Operation 80 [18/31] (8.62ns)   --->   "%tmp_s = fdiv double %x_read, %tmp" [monte-carlo.cpp:129]   --->   Operation 80 'ddiv' 'tmp_s' <Predicate = true> <Delay = 8.62> <Core = "DDiv">   --->   Core 117 'DDiv' <Latency = 30> <II = 1> <Delay = 8.62> <FuncUnit> <Opcode : 'ddiv' 'drem'> <InPorts = 2> <OutPorts = 1>

State 22 <SV = 21> <Delay = 8.62>
ST_22 : Operation 81 [17/31] (8.62ns)   --->   "%tmp_s = fdiv double %x_read, %tmp" [monte-carlo.cpp:129]   --->   Operation 81 'ddiv' 'tmp_s' <Predicate = true> <Delay = 8.62> <Core = "DDiv">   --->   Core 117 'DDiv' <Latency = 30> <II = 1> <Delay = 8.62> <FuncUnit> <Opcode : 'ddiv' 'drem'> <InPorts = 2> <OutPorts = 1>

State 23 <SV = 22> <Delay = 8.62>
ST_23 : Operation 82 [16/31] (8.62ns)   --->   "%tmp_s = fdiv double %x_read, %tmp" [monte-carlo.cpp:129]   --->   Operation 82 'ddiv' 'tmp_s' <Predicate = true> <Delay = 8.62> <Core = "DDiv">   --->   Core 117 'DDiv' <Latency = 30> <II = 1> <Delay = 8.62> <FuncUnit> <Opcode : 'ddiv' 'drem'> <InPorts = 2> <OutPorts = 1>

State 24 <SV = 23> <Delay = 8.62>
ST_24 : Operation 83 [15/31] (8.62ns)   --->   "%tmp_s = fdiv double %x_read, %tmp" [monte-carlo.cpp:129]   --->   Operation 83 'ddiv' 'tmp_s' <Predicate = true> <Delay = 8.62> <Core = "DDiv">   --->   Core 117 'DDiv' <Latency = 30> <II = 1> <Delay = 8.62> <FuncUnit> <Opcode : 'ddiv' 'drem'> <InPorts = 2> <OutPorts = 1>

State 25 <SV = 24> <Delay = 8.62>
ST_25 : Operation 84 [14/31] (8.62ns)   --->   "%tmp_s = fdiv double %x_read, %tmp" [monte-carlo.cpp:129]   --->   Operation 84 'ddiv' 'tmp_s' <Predicate = true> <Delay = 8.62> <Core = "DDiv">   --->   Core 117 'DDiv' <Latency = 30> <II = 1> <Delay = 8.62> <FuncUnit> <Opcode : 'ddiv' 'drem'> <InPorts = 2> <OutPorts = 1>

State 26 <SV = 25> <Delay = 8.62>
ST_26 : Operation 85 [13/31] (8.62ns)   --->   "%tmp_s = fdiv double %x_read, %tmp" [monte-carlo.cpp:129]   --->   Operation 85 'ddiv' 'tmp_s' <Predicate = true> <Delay = 8.62> <Core = "DDiv">   --->   Core 117 'DDiv' <Latency = 30> <II = 1> <Delay = 8.62> <FuncUnit> <Opcode : 'ddiv' 'drem'> <InPorts = 2> <OutPorts = 1>

State 27 <SV = 26> <Delay = 8.62>
ST_27 : Operation 86 [12/31] (8.62ns)   --->   "%tmp_s = fdiv double %x_read, %tmp" [monte-carlo.cpp:129]   --->   Operation 86 'ddiv' 'tmp_s' <Predicate = true> <Delay = 8.62> <Core = "DDiv">   --->   Core 117 'DDiv' <Latency = 30> <II = 1> <Delay = 8.62> <FuncUnit> <Opcode : 'ddiv' 'drem'> <InPorts = 2> <OutPorts = 1>

State 28 <SV = 27> <Delay = 8.62>
ST_28 : Operation 87 [11/31] (8.62ns)   --->   "%tmp_s = fdiv double %x_read, %tmp" [monte-carlo.cpp:129]   --->   Operation 87 'ddiv' 'tmp_s' <Predicate = true> <Delay = 8.62> <Core = "DDiv">   --->   Core 117 'DDiv' <Latency = 30> <II = 1> <Delay = 8.62> <FuncUnit> <Opcode : 'ddiv' 'drem'> <InPorts = 2> <OutPorts = 1>

State 29 <SV = 28> <Delay = 8.62>
ST_29 : Operation 88 [10/31] (8.62ns)   --->   "%tmp_s = fdiv double %x_read, %tmp" [monte-carlo.cpp:129]   --->   Operation 88 'ddiv' 'tmp_s' <Predicate = true> <Delay = 8.62> <Core = "DDiv">   --->   Core 117 'DDiv' <Latency = 30> <II = 1> <Delay = 8.62> <FuncUnit> <Opcode : 'ddiv' 'drem'> <InPorts = 2> <OutPorts = 1>

State 30 <SV = 29> <Delay = 8.62>
ST_30 : Operation 89 [9/31] (8.62ns)   --->   "%tmp_s = fdiv double %x_read, %tmp" [monte-carlo.cpp:129]   --->   Operation 89 'ddiv' 'tmp_s' <Predicate = true> <Delay = 8.62> <Core = "DDiv">   --->   Core 117 'DDiv' <Latency = 30> <II = 1> <Delay = 8.62> <FuncUnit> <Opcode : 'ddiv' 'drem'> <InPorts = 2> <OutPorts = 1>

State 31 <SV = 30> <Delay = 8.62>
ST_31 : Operation 90 [8/31] (8.62ns)   --->   "%tmp_s = fdiv double %x_read, %tmp" [monte-carlo.cpp:129]   --->   Operation 90 'ddiv' 'tmp_s' <Predicate = true> <Delay = 8.62> <Core = "DDiv">   --->   Core 117 'DDiv' <Latency = 30> <II = 1> <Delay = 8.62> <FuncUnit> <Opcode : 'ddiv' 'drem'> <InPorts = 2> <OutPorts = 1>

State 32 <SV = 31> <Delay = 8.62>
ST_32 : Operation 91 [7/31] (8.62ns)   --->   "%tmp_s = fdiv double %x_read, %tmp" [monte-carlo.cpp:129]   --->   Operation 91 'ddiv' 'tmp_s' <Predicate = true> <Delay = 8.62> <Core = "DDiv">   --->   Core 117 'DDiv' <Latency = 30> <II = 1> <Delay = 8.62> <FuncUnit> <Opcode : 'ddiv' 'drem'> <InPorts = 2> <OutPorts = 1>

State 33 <SV = 32> <Delay = 8.62>
ST_33 : Operation 92 [6/31] (8.62ns)   --->   "%tmp_s = fdiv double %x_read, %tmp" [monte-carlo.cpp:129]   --->   Operation 92 'ddiv' 'tmp_s' <Predicate = true> <Delay = 8.62> <Core = "DDiv">   --->   Core 117 'DDiv' <Latency = 30> <II = 1> <Delay = 8.62> <FuncUnit> <Opcode : 'ddiv' 'drem'> <InPorts = 2> <OutPorts = 1>

State 34 <SV = 33> <Delay = 8.62>
ST_34 : Operation 93 [5/31] (8.62ns)   --->   "%tmp_s = fdiv double %x_read, %tmp" [monte-carlo.cpp:129]   --->   Operation 93 'ddiv' 'tmp_s' <Predicate = true> <Delay = 8.62> <Core = "DDiv">   --->   Core 117 'DDiv' <Latency = 30> <II = 1> <Delay = 8.62> <FuncUnit> <Opcode : 'ddiv' 'drem'> <InPorts = 2> <OutPorts = 1>

State 35 <SV = 34> <Delay = 8.62>
ST_35 : Operation 94 [4/31] (8.62ns)   --->   "%tmp_s = fdiv double %x_read, %tmp" [monte-carlo.cpp:129]   --->   Operation 94 'ddiv' 'tmp_s' <Predicate = true> <Delay = 8.62> <Core = "DDiv">   --->   Core 117 'DDiv' <Latency = 30> <II = 1> <Delay = 8.62> <FuncUnit> <Opcode : 'ddiv' 'drem'> <InPorts = 2> <OutPorts = 1>

State 36 <SV = 35> <Delay = 8.62>
ST_36 : Operation 95 [3/31] (8.62ns)   --->   "%tmp_s = fdiv double %x_read, %tmp" [monte-carlo.cpp:129]   --->   Operation 95 'ddiv' 'tmp_s' <Predicate = true> <Delay = 8.62> <Core = "DDiv">   --->   Core 117 'DDiv' <Latency = 30> <II = 1> <Delay = 8.62> <FuncUnit> <Opcode : 'ddiv' 'drem'> <InPorts = 2> <OutPorts = 1>

State 37 <SV = 36> <Delay = 8.62>
ST_37 : Operation 96 [2/31] (8.62ns)   --->   "%tmp_s = fdiv double %x_read, %tmp" [monte-carlo.cpp:129]   --->   Operation 96 'ddiv' 'tmp_s' <Predicate = true> <Delay = 8.62> <Core = "DDiv">   --->   Core 117 'DDiv' <Latency = 30> <II = 1> <Delay = 8.62> <FuncUnit> <Opcode : 'ddiv' 'drem'> <InPorts = 2> <OutPorts = 1>

State 38 <SV = 37> <Delay = 8.62>
ST_38 : Operation 97 [1/31] (8.62ns)   --->   "%tmp_s = fdiv double %x_read, %tmp" [monte-carlo.cpp:129]   --->   Operation 97 'ddiv' 'tmp_s' <Predicate = true> <Delay = 8.62> <Core = "DDiv">   --->   Core 117 'DDiv' <Latency = 30> <II = 1> <Delay = 8.62> <FuncUnit> <Opcode : 'ddiv' 'drem'> <InPorts = 2> <OutPorts = 1>

State 39 <SV = 38> <Delay = 7.78>
ST_39 : Operation 98 [6/6] (7.78ns)   --->   "%term = fmul double %term_0, %tmp_s" [monte-carlo.cpp:129]   --->   Operation 98 'dmul' 'term' <Predicate = true> <Delay = 7.78> <Core = "DMul">   --->   Core 116 'DMul' <Latency = 5> <II = 1> <Delay = 7.78> <FuncUnit> <Opcode : 'dmul'> <InPorts = 2> <OutPorts = 1>

State 40 <SV = 39> <Delay = 7.78>
ST_40 : Operation 99 [5/6] (7.78ns)   --->   "%term = fmul double %term_0, %tmp_s" [monte-carlo.cpp:129]   --->   Operation 99 'dmul' 'term' <Predicate = true> <Delay = 7.78> <Core = "DMul">   --->   Core 116 'DMul' <Latency = 5> <II = 1> <Delay = 7.78> <FuncUnit> <Opcode : 'dmul'> <InPorts = 2> <OutPorts = 1>

State 41 <SV = 40> <Delay = 7.78>
ST_41 : Operation 100 [4/6] (7.78ns)   --->   "%term = fmul double %term_0, %tmp_s" [monte-carlo.cpp:129]   --->   Operation 100 'dmul' 'term' <Predicate = true> <Delay = 7.78> <Core = "DMul">   --->   Core 116 'DMul' <Latency = 5> <II = 1> <Delay = 7.78> <FuncUnit> <Opcode : 'dmul'> <InPorts = 2> <OutPorts = 1>

State 42 <SV = 41> <Delay = 7.78>
ST_42 : Operation 101 [3/6] (7.78ns)   --->   "%term = fmul double %term_0, %tmp_s" [monte-carlo.cpp:129]   --->   Operation 101 'dmul' 'term' <Predicate = true> <Delay = 7.78> <Core = "DMul">   --->   Core 116 'DMul' <Latency = 5> <II = 1> <Delay = 7.78> <FuncUnit> <Opcode : 'dmul'> <InPorts = 2> <OutPorts = 1>

State 43 <SV = 42> <Delay = 7.78>
ST_43 : Operation 102 [2/6] (7.78ns)   --->   "%term = fmul double %term_0, %tmp_s" [monte-carlo.cpp:129]   --->   Operation 102 'dmul' 'term' <Predicate = true> <Delay = 7.78> <Core = "DMul">   --->   Core 116 'DMul' <Latency = 5> <II = 1> <Delay = 7.78> <FuncUnit> <Opcode : 'dmul'> <InPorts = 2> <OutPorts = 1>

State 44 <SV = 43> <Delay = 7.78>
ST_44 : Operation 103 [1/6] (7.78ns)   --->   "%term = fmul double %term_0, %tmp_s" [monte-carlo.cpp:129]   --->   Operation 103 'dmul' 'term' <Predicate = true> <Delay = 7.78> <Core = "DMul">   --->   Core 116 'DMul' <Latency = 5> <II = 1> <Delay = 7.78> <FuncUnit> <Opcode : 'dmul'> <InPorts = 2> <OutPorts = 1>

State 45 <SV = 44> <Delay = 8.23>
ST_45 : Operation 104 [5/5] (8.23ns)   --->   "%result = fadd double %result_0, %term" [monte-carlo.cpp:130]   --->   Operation 104 'dadd' 'result' <Predicate = true> <Delay = 8.23> <Core = "DAddSub">   --->   Core 115 'DAddSub' <Latency = 4> <II = 1> <Delay = 8.23> <FuncUnit> <Opcode : 'dadd' 'dsub'> <InPorts = 2> <OutPorts = 1>

State 46 <SV = 45> <Delay = 8.23>
ST_46 : Operation 105 [4/5] (8.23ns)   --->   "%result = fadd double %result_0, %term" [monte-carlo.cpp:130]   --->   Operation 105 'dadd' 'result' <Predicate = true> <Delay = 8.23> <Core = "DAddSub">   --->   Core 115 'DAddSub' <Latency = 4> <II = 1> <Delay = 8.23> <FuncUnit> <Opcode : 'dadd' 'dsub'> <InPorts = 2> <OutPorts = 1>

State 47 <SV = 46> <Delay = 8.23>
ST_47 : Operation 106 [3/5] (8.23ns)   --->   "%result = fadd double %result_0, %term" [monte-carlo.cpp:130]   --->   Operation 106 'dadd' 'result' <Predicate = true> <Delay = 8.23> <Core = "DAddSub">   --->   Core 115 'DAddSub' <Latency = 4> <II = 1> <Delay = 8.23> <FuncUnit> <Opcode : 'dadd' 'dsub'> <InPorts = 2> <OutPorts = 1>

State 48 <SV = 47> <Delay = 8.23>
ST_48 : Operation 107 [2/5] (8.23ns)   --->   "%result = fadd double %result_0, %term" [monte-carlo.cpp:130]   --->   Operation 107 'dadd' 'result' <Predicate = true> <Delay = 8.23> <Core = "DAddSub">   --->   Core 115 'DAddSub' <Latency = 4> <II = 1> <Delay = 8.23> <FuncUnit> <Opcode : 'dadd' 'dsub'> <InPorts = 2> <OutPorts = 1>

State 49 <SV = 48> <Delay = 8.23>
ST_49 : Operation 108 [1/1] (0.00ns)   --->   "call void (...)* @_ssdm_op_SpecLoopName([10 x i8]* @p_str2) nounwind" [monte-carlo.cpp:128]   --->   Operation 108 'specloopname' <Predicate = true> <Delay = 0.00>
ST_49 : Operation 109 [1/5] (8.23ns)   --->   "%result = fadd double %result_0, %term" [monte-carlo.cpp:130]   --->   Operation 109 'dadd' 'result' <Predicate = true> <Delay = 8.23> <Core = "DAddSub">   --->   Core 115 'DAddSub' <Latency = 4> <II = 1> <Delay = 8.23> <FuncUnit> <Opcode : 'dadd' 'dsub'> <InPorts = 2> <OutPorts = 1>
ST_49 : Operation 110 [1/1] (0.00ns)   --->   "br label %1" [monte-carlo.cpp:127]   --->   Operation 110 'br' <Predicate = true> <Delay = 0.00>


============================================================
+ Verbose Summary: Timing violations
============================================================
Target clock period: 10ns, clock uncertainty: 1.25ns.

 <State 1>: 1.77ns
The critical path consists of the following:
	multiplexor before 'phi' operation ('term') with incoming values : ('term', monte-carlo.cpp:129) [5]  (1.77 ns)

 <State 2>: 6.28ns
The critical path consists of the following:
	'phi' operation ('i') with incoming values : ('i', monte-carlo.cpp:127) [7]  (0 ns)
	'sitodp' operation ('tmp', monte-carlo.cpp:129) [14]  (6.28 ns)

 <State 3>: 6.28ns
The critical path consists of the following:
	'sitodp' operation ('tmp', monte-carlo.cpp:129) [14]  (6.28 ns)

 <State 4>: 6.28ns
The critical path consists of the following:
	'sitodp' operation ('tmp', monte-carlo.cpp:129) [14]  (6.28 ns)

 <State 5>: 6.28ns
The critical path consists of the following:
	'sitodp' operation ('tmp', monte-carlo.cpp:129) [14]  (6.28 ns)

 <State 6>: 6.28ns
The critical path consists of the following:
	'sitodp' operation ('tmp', monte-carlo.cpp:129) [14]  (6.28 ns)

 <State 7>: 6.28ns
The critical path consists of the following:
	'sitodp' operation ('tmp', monte-carlo.cpp:129) [14]  (6.28 ns)

 <State 8>: 8.62ns
The critical path consists of the following:
	'ddiv' operation ('tmp_s', monte-carlo.cpp:129) [15]  (8.62 ns)

 <State 9>: 8.62ns
The critical path consists of the following:
	'ddiv' operation ('tmp_s', monte-carlo.cpp:129) [15]  (8.62 ns)

 <State 10>: 8.62ns
The critical path consists of the following:
	'ddiv' operation ('tmp_s', monte-carlo.cpp:129) [15]  (8.62 ns)

 <State 11>: 8.62ns
The critical path consists of the following:
	'ddiv' operation ('tmp_s', monte-carlo.cpp:129) [15]  (8.62 ns)

 <State 12>: 8.62ns
The critical path consists of the following:
	'ddiv' operation ('tmp_s', monte-carlo.cpp:129) [15]  (8.62 ns)

 <State 13>: 8.62ns
The critical path consists of the following:
	'ddiv' operation ('tmp_s', monte-carlo.cpp:129) [15]  (8.62 ns)

 <State 14>: 8.62ns
The critical path consists of the following:
	'ddiv' operation ('tmp_s', monte-carlo.cpp:129) [15]  (8.62 ns)

 <State 15>: 8.62ns
The critical path consists of the following:
	'ddiv' operation ('tmp_s', monte-carlo.cpp:129) [15]  (8.62 ns)

 <State 16>: 8.62ns
The critical path consists of the following:
	'ddiv' operation ('tmp_s', monte-carlo.cpp:129) [15]  (8.62 ns)

 <State 17>: 8.62ns
The critical path consists of the following:
	'ddiv' operation ('tmp_s', monte-carlo.cpp:129) [15]  (8.62 ns)

 <State 18>: 8.62ns
The critical path consists of the following:
	'ddiv' operation ('tmp_s', monte-carlo.cpp:129) [15]  (8.62 ns)

 <State 19>: 8.62ns
The critical path consists of the following:
	'ddiv' operation ('tmp_s', monte-carlo.cpp:129) [15]  (8.62 ns)

 <State 20>: 8.62ns
The critical path consists of the following:
	'ddiv' operation ('tmp_s', monte-carlo.cpp:129) [15]  (8.62 ns)

 <State 21>: 8.62ns
The critical path consists of the following:
	'ddiv' operation ('tmp_s', monte-carlo.cpp:129) [15]  (8.62 ns)

 <State 22>: 8.62ns
The critical path consists of the following:
	'ddiv' operation ('tmp_s', monte-carlo.cpp:129) [15]  (8.62 ns)

 <State 23>: 8.62ns
The critical path consists of the following:
	'ddiv' operation ('tmp_s', monte-carlo.cpp:129) [15]  (8.62 ns)

 <State 24>: 8.62ns
The critical path consists of the following:
	'ddiv' operation ('tmp_s', monte-carlo.cpp:129) [15]  (8.62 ns)

 <State 25>: 8.62ns
The critical path consists of the following:
	'ddiv' operation ('tmp_s', monte-carlo.cpp:129) [15]  (8.62 ns)

 <State 26>: 8.62ns
The critical path consists of the following:
	'ddiv' operation ('tmp_s', monte-carlo.cpp:129) [15]  (8.62 ns)

 <State 27>: 8.62ns
The critical path consists of the following:
	'ddiv' operation ('tmp_s', monte-carlo.cpp:129) [15]  (8.62 ns)

 <State 28>: 8.62ns
The critical path consists of the following:
	'ddiv' operation ('tmp_s', monte-carlo.cpp:129) [15]  (8.62 ns)

 <State 29>: 8.62ns
The critical path consists of the following:
	'ddiv' operation ('tmp_s', monte-carlo.cpp:129) [15]  (8.62 ns)

 <State 30>: 8.62ns
The critical path consists of the following:
	'ddiv' operation ('tmp_s', monte-carlo.cpp:129) [15]  (8.62 ns)

 <State 31>: 8.62ns
The critical path consists of the following:
	'ddiv' operation ('tmp_s', monte-carlo.cpp:129) [15]  (8.62 ns)

 <State 32>: 8.62ns
The critical path consists of the following:
	'ddiv' operation ('tmp_s', monte-carlo.cpp:129) [15]  (8.62 ns)

 <State 33>: 8.62ns
The critical path consists of the following:
	'ddiv' operation ('tmp_s', monte-carlo.cpp:129) [15]  (8.62 ns)

 <State 34>: 8.62ns
The critical path consists of the following:
	'ddiv' operation ('tmp_s', monte-carlo.cpp:129) [15]  (8.62 ns)

 <State 35>: 8.62ns
The critical path consists of the following:
	'ddiv' operation ('tmp_s', monte-carlo.cpp:129) [15]  (8.62 ns)

 <State 36>: 8.62ns
The critical path consists of the following:
	'ddiv' operation ('tmp_s', monte-carlo.cpp:129) [15]  (8.62 ns)

 <State 37>: 8.62ns
The critical path consists of the following:
	'ddiv' operation ('tmp_s', monte-carlo.cpp:129) [15]  (8.62 ns)

 <State 38>: 8.62ns
The critical path consists of the following:
	'ddiv' operation ('tmp_s', monte-carlo.cpp:129) [15]  (8.62 ns)

 <State 39>: 7.79ns
The critical path consists of the following:
	'dmul' operation ('term', monte-carlo.cpp:129) [16]  (7.79 ns)

 <State 40>: 7.79ns
The critical path consists of the following:
	'dmul' operation ('term', monte-carlo.cpp:129) [16]  (7.79 ns)

 <State 41>: 7.79ns
The critical path consists of the following:
	'dmul' operation ('term', monte-carlo.cpp:129) [16]  (7.79 ns)

 <State 42>: 7.79ns
The critical path consists of the following:
	'dmul' operation ('term', monte-carlo.cpp:129) [16]  (7.79 ns)

 <State 43>: 7.79ns
The critical path consists of the following:
	'dmul' operation ('term', monte-carlo.cpp:129) [16]  (7.79 ns)

 <State 44>: 7.79ns
The critical path consists of the following:
	'dmul' operation ('term', monte-carlo.cpp:129) [16]  (7.79 ns)

 <State 45>: 8.23ns
The critical path consists of the following:
	'dadd' operation ('result', monte-carlo.cpp:130) [17]  (8.23 ns)

 <State 46>: 8.23ns
The critical path consists of the following:
	'dadd' operation ('result', monte-carlo.cpp:130) [17]  (8.23 ns)

 <State 47>: 8.23ns
The critical path consists of the following:
	'dadd' operation ('result', monte-carlo.cpp:130) [17]  (8.23 ns)

 <State 48>: 8.23ns
The critical path consists of the following:
	'dadd' operation ('result', monte-carlo.cpp:130) [17]  (8.23 ns)

 <State 49>: 8.23ns
The critical path consists of the following:
	'dadd' operation ('result', monte-carlo.cpp:130) [17]  (8.23 ns)


============================================================
+ Verbose Summary: Binding
============================================================
N/A
* FSMD analyzer results:
  - Output states:
 - Input state : 
  - Chain level:
	State 1
	State 2
	State 3
	State 4
	State 5
	State 6
	State 7
	State 8
	State 9
	State 10
	State 11
	State 12
	State 13
	State 14
	State 15
	State 16
	State 17
	State 18
	State 19
	State 20
	State 21
	State 22
	State 23
	State 24
	State 25
	State 26
	State 27
	State 28
	State 29
	State 30
	State 31
	State 32
	State 33
	State 34
	State 35
	State 36
	State 37
	State 38
	State 39
	State 40
	State 41
	State 42
	State 43
	State 44
	State 45
	State 46
	State 47
	State 48
	State 49


============================================================
+ Verbose Summary: Datapath Resource usage 
============================================================
N/A
